Restoring modules to user's default, for system: "longleaf"
Lmod Warning: You have no modules loaded because the collection "default" is
empty!

./residue_specs.json
No starting sequences file provided. Random sequences will be generated.
True
[[243, 57], [57]]
initializing distributor
Iteration 1: Creating new sequences.
work list [[['EEPLVVKVEEGDNAVLQCLKGTSDGPTQQLTWSRESPLKPFLKLSLGLPGLGIHMRPLAIELTIENVSQQMGGFYLCQPGPPSEKAWQPGWTVNVEGSGELFRWNVSDLGGLGCGLKQSPKLYVWAKDRPEIWEGEPPCLPPRSQDLTMAPGSTLSLSCGVPPDSVSRGPLSWTHVHPKGPKSLLSLELKDDRPARDMTVMETGLTLPRATAQDAGKYYCHRGNLTMSFHLEITARGSHHHHH', 'DREEAKERIKELLELVKRVSEEERRELLREARRLAERVNDPEARRLVEELERLIKEL']], [['EEPLVVKVEEGDNAVLQCLKGTSDGPTQQLTWSRESPLKPFLKLSLGLPGLGIHMRPLAIELTIENVSQQMGGFYLCQPGPPSEKAWQPGWTVNVEGSGELFRWNVSDLGGLGCGLKQSPKLYVWAKDRPEIWEGEPPCLPPRSQDLTMAPGSTLSLSCGVPPDSVSRGPLSWTHVHPKGPKSLLSLELKDDRPARDMTVMETGLTLPRATAQDAGKYYCHRGNLTMSFHLEITARGSHHHHH', 'DREEAKERIKELLENVKRVGEEEWRELLRMARRLAEHVNDPEARGEVEELERLIKNL']], [['EEPLVVKVEEGDNAVLQCLKGTSDGPTQQLTWSRESPLKPFLKLSLGLPGLGIHMRPLAIELTIENVSQQMGGFYLCQPGPPSEKAWQPGWTVNVEGSGELFRWNVSDLGGLGCGLKQSPKLYVWAKDRPEIWEGEPPCLPPRSQDLTMAPGSTLSLSCGVPPDSVSRGPLSWTHVHPKGPKSLLSLELKDDRPARDMTVMETGLTLPRATAQDAGKYYCHRGNLTMSFHLEITARGSHHHHH', 'DRHEAKLRIHELLELVKRVSEEERRELLPEARRLALRVNDPMARRLVSELEALIKEL']], [['EEPLVVKVEEGDNAVLQCLKGTSDGPTQQLTWSRESPLKPFLKLSLGLPGLGIHMRPLAIELTIENVSQQMGGFYLCQPGPPSEKAWQPGWTVNVEGSGELFRWNVSDLGGLGCGLKQSPKLYVWAKDRPEIWEGEPPCLPPRSQDLTMAPGSTLSLSCGVPPDSVSRGPLSWTHVHPKGPKSLLSLELKDDRPARDMTVMETGLTLPRATAQDAGKYYCHRGNLTMSFHLEITARGSHHHHH', 'DREEAKERIKELLELQKRVSEEERRELLREWRRGAVRNNDPKARLLVEELERLIKEL']], [['EEPLVVKVEEGDNAVLQCLKGTSDGPTQQLTWSRESPLKPFLKLSLGLPGLGIHMRPLAIELTIENVSQQMGGFYLCQPGPPSEKAWQPGWTVNVEGSGELFRWNVSDLGGLGCGLKQSPKLYVWAKDRPEIWEGEPPCLPPRSQDLTMAPGSTLSLSCGVPPDSVSRGPLSWTHVHPKGPKSLLSLELKDDRPARDMTVMETGLTLPRATAQDAGKYYCHRGNLTMSFHLEITARGSHHHHH', 'DREEANERRKELRELVKRVSEEERRETLRETRRLAERVNDPEARMLVEELYRLIKEL']], [['EEPLVVKVEEGDNAVLQCLKGTSDGPTQQLTWSRESPLKPFLKLSLGLPGLGIHMRPLAIELTIENVSQQMGGFYLCQPGPPSEKAWQPGWTVNVEGSGELFRWNVSDLGGLGCGLKQSPKLYVWAKDRPEIWEGEPPCLPPRSQDLTMAPGSTLSLSCGVPPDSVSRGPLSWTHVHPKGPKSLLSLELKDDRPARDMTVMETGLTLPRATAQDAGKYYCHRGNLTMSFHLEITARGSHHHHH', 'DREEAKERIKELLELQKRVSEEERREILREAKRLAERVNNPEARRLMLELERLIKEL']], [['EEPLVVKVEEGDNAVLQCLKGTSDGPTQQLTWSRESPLKPFLKLSLGLPGLGIHMRPLAIELTIENVSQQMGGFYLCQPGPPSEKAWQPGWTVNVEGSGELFRWNVSDLGGLGCGLKQSPKLYVWAKDRPEIWEGEPPCLPPRSQDLTMAPGSTLSLSCGVPPDSVSRGPLSWTHVHPKGPKSLLSLELKDDRPARDMTVMETGLTLPRATAQDAGKYYCHRGNLTMSFHLEITARGSHHHHH', 'DREEAKRRIKELLELVKAVSEEEIRELLREARPLAERVWDPEARRLVEELERWIKEL']], [['EEPLVVKVEEGDNAVLQCLKGTSDGPTQQLTWSRESPLKPFLKLSLGLPGLGIHMRPLAIELTIENVSQQMGGFYLCQPGPPSEKAWQPGWTVNVEGSGELFRWNVSDLGGLGCGLKQSPKLYVWAKDRPEIWEGEPPCLPPRSQDLTMAPGSTLSLSCGVPPDSVSRGPLSWTHVHPKGPKSLLSLELKDDRPARDMTVMETGLTLPRATAQDAGKYYCHRGNLTMSFHLEITARGSHHHHH', 'DREEAKWRIKELLELVKRVSDEERRELLREAWRLALLVNDPEARRYVEELEPLIKEL']], [['EEPLVVKVEEGDNAVLQCLKGTSDGPTQQLTWSRESPLKPFLKLSLGLPGLGIHMRPLAIELTIENVSQQMGGFYLCQPGPPSEKAWQPGWTVNVEGSGELFRWNVSDLGGLGCGLKQSPKLYVWAKDRPEIWEGEPPCLPPRSQDLTMAPGSTLSLSCGVPPDSVSRGPLSWTHVHPKGPKSLLSLELKDDRPARDMTVMETGLTLPRATAQDAGKYYCHRGNLTMSFHLEITARGSHHHHH', 'DKEEAKERIKELLELVNRVSETERRELLRSAMRLAERVNDEEARRLVEELERLIKEI']], [['EEPLVVKVEEGDNAVLQCLKGTSDGPTQQLTWSRESPLKPFLKLSLGLPGLGIHMRPLAIELTIENVSQQMGGFYLCQPGPPSEKAWQPGWTVNVEGSGELFRWNVSDLGGLGCGLKQSPKLYVWAKDRPEIWEGEPPCLPPRSQDLTMAPGSTLSLSCGVPPDSVSRGPLSWTHVHPKGPKSLLSLELKDDRPARDMTVMETGLTLPRATAQDAGKYYCHRGNLTMSFHLEITARGSHHHHH', 'DREEAKERKKELLELVKRVYEEERRELLFEARRLADRVNVPEARRLVEELPRLIKEL']], [['EEPLVVKVEEGDNAVLQCLKGTSDGPTQQLTWSRESPLKPFLKLSLGLPGLGIHMRPLAIELTIENVSQQMGGFYLCQPGPPSEKAWQPGWTVNVEGSGELFRWNVSDLGGLGCGLKQSPKLYVWAKDRPEIWEGEPPCLPPRSQDLTMAPGSTLSLSCGVPPDSVSRGPLSWTHVHPKGPKSLLSLELKDDRPARDMTVMETGLTLPRATAQDAGKYYCHRGNLTMSFHLEITARGSHHHHH', 'DREEAKERILELLEEVKRVSEEERRELMRTADRLAEMVNDPEARRLVEELYRLIKEL']], [['EEPLVVKVEEGDNAVLQCLKGTSDGPTQQLTWSRESPLKPFLKLSLGLPGLGIHMRPLAIELTIENVSQQMGGFYLCQPGPPSEKAWQPGWTVNVEGSGELFRWNVSDLGGLGCGLKQSPKLYVWAKDRPEIWEGEPPCLPPRSQDLTMAPGSTLSLSCGVPPDSVSRGPLSWTHVHPKGPKSLLSLELKDDRPARDMTVMETGLTLPRATAQDAGKYYCHRGNLTMSFHLEITARGSHHHHH', 'DREYAKELIKELLEKVKIVSEEIRRELLDEARRLAERVNDPEARYLVEELERLIKEL']], [['EEPLVVKVEEGDNAVLQCLKGTSDGPTQQLTWSRESPLKPFLKLSLGLPGLGIHMRPLAIELTIENVSQQMGGFYLCQPGPPSEKAWQPGWTVNVEGSGELFRWNVSDLGGLGCGLKQSPKLYVWAKDRPEIWEGEPPCLPPRSQDLTMAPGSTLSLSCGVPPDSVSRGPLSWTHVHPKGPKSLLSLELKDDRPARDMTVMETGLTLPRATAQDAGKYYCHRGNLTMSFHLEITARGSHHHHH', 'HRGEAKVRIKELLELAKRVSEEERRELLREARRLHERVNDPEARRLVEELEWLPKEL']], [['EEPLVVKVEEGDNAVLQCLKGTSDGPTQQLTWSRESPLKPFLKLSLGLPGLGIHMRPLAIELTIENVSQQMGGFYLCQPGPPSEKAWQPGWTVNVEGSGELFRWNVSDLGGLGCGLKQSPKLYVWAKDRPEIWEGEPPCLPPRSQDLTMAPGSTLSLSCGVPPDSVSRGPLSWTHVHPKGPKSLLSLELKDDRPARDMTVMETGLTLPRATAQDAGKYYCHRGNLTMSFHLEITARGSHHHHH', 'DREELKERIKELLELVKRVSIEELREDLREARRLAERVNAPEARRSVEELERLIKEL']], [['EEPLVVKVEEGDNAVLQCLKGTSDGPTQQLTWSRESPLKPFLKLSLGLPGLGIHMRPLAIELTIENVSQQMGGFYLCQPGPPSEKAWQPGWTVNVEGSGELFRWNVSDLGGLGCGLKQSPKLYVWAKDRPEIWEGEPPCLPPRSQDLTMAPGSTLSLSCGVPPDSVSRGPLSWTHVHPKGPKSLLSLELKDDRPARDMTVMETGLTLPRATAQDAGKYYCHRGNLTMSFHLEITARGSHHHHH', 'DREEMKSRIKELLELVKIVNEEEQRELLREARRLAERVNDPEVRRLVPELERLIKEL']], [['EEPLVVKVEEGDNAVLQCLKGTSDGPTQQLTWSRESPLKPFLKLSLGLPGLGIHMRPLAIELTIENVSQQMGGFYLCQPGPPSEKAWQPGWTVNVEGSGELFRWNVSDLGGLGCGLKQSPKLYVWAKDRPEIWEGEPPCLPPRSQDLTMAPGSTLSLSCGVPPDSVSRGPLSWTHVHPKGPKSLLSLELKDDRPARDMTVMETGLTLPRATAQDAGKYYCHRGNLTMSFHLEITARGSHHHHH', 'DREEAKVRIKELLELVTRVEEEERGELLREARRLAERVNDPEARRLVETLERLIKEL']], [['EEPLVVKVEEGDNAVLQCLKGTSDGPTQQLTWSRESPLKPFLKLSLGLPGLGIHMRPLAIELTIENVSQQMGGFYLCQPGPPSEKAWQPGWTVNVEGSGELFRWNVSDLGGLGCGLKQSPKLYVWAKDRPEIWEGEPPCLPPRSQDLTMAPGSTLSLSCGVPPDSVSRGPLSWTHVHPKGPKSLLSLELKDDRPARDMTVMETGLTLPRATAQDAGKYYCHRGNLTMSFHLEITARGSHHHHH', 'DREEAKERIKELLELVQWNSEEEQRELLREARRLLERVVDPEARRLVEELERLIKEL']], [['EEPLVVKVEEGDNAVLQCLKGTSDGPTQQLTWSRESPLKPFLKLSLGLPGLGIHMRPLAIELTIENVSQQMGGFYLCQPGPPSEKAWQPGWTVNVEGSGELFRWNVSDLGGLGCGLKQSPKLYVWAKDRPEIWEGEPPCLPPRSQDLTMAPGSTLSLSCGVPPDSVSRGPLSWTHVHPKGPKSLLSLELKDDRPARDMTVMETGLTLPRATAQDAGKYYCHRGNLTMSFHLEITARGSHHHHH', 'DREEAKERIKELLELVKRRSEEERRELHREARRLAERVNDIEARRLVELLEYLIKEL']], [['EEPLVVKVEEGDNAVLQCLKGTSDGPTQQLTWSRESPLKPFLKLSLGLPGLGIHMRPLAIELTIENVSQQMGGFYLCQPGPPSEKAWQPGWTVNVEGSGELFRWNVSDLGGLGCGLKQSPKLYVWAKDRPEIWEGEPPCLPPRSQDLTMAPGSTLSLSCGVPPDSVSRGPLSWTHVHPKGPKSLLSLELKDDRPARDMTVMETGLTLPRATAQDAGKYYCHRGNLTMSFHLEITARGSHHHHH', 'DREEALERIKELHELVKRVSEEERRELRVEARRLHERVNDPEWRRLVEELERLIKEL']], [['EEPLVVKVEEGDNAVLQCLKGTSDGPTQQLTWSRESPLKPFLKLSLGLPGLGIHMRPLAIELTIENVSQQMGGFYLCQPGPPSEKAWQPGWTVNVEGSGELFRWNVSDLGGLGCGLKQSPKLYVWAKDRPEIWEGEPPCLPPRSQDLTMAPGSTLSLSCGVPPDSVSRGPLSWTHVHPKGPKSLLSLELKDDRPARDMTVMETGLTLPRATAQDAGKYYCHRGNLTMSFHLEITARGSHHHHH', 'DREEAKLRIKELLELVKRVSEEERRELSREARVLAERVNVPEFRRLVERLERLIKEL']], [['DREEAKERIKELLELVKRVSEEERRELLREARRLAERVNDPEARRLVEELERLIKEL']], [['DREEAKERIKELLENVKRVGEEEWRELLRMARRLAEHVNDPEARGEVEELERLIKNL']], [['DRHEAKLRIHELLELVKRVSEEERRELLPEARRLALRVNDPMARRLVSELEALIKEL']], [['DREEAKERIKELLELQKRVSEEERRELLREWRRGAVRNNDPKARLLVEELERLIKEL']], [['DREEANERRKELRELVKRVSEEERRETLRETRRLAERVNDPEARMLVEELYRLIKEL']], [['DREEAKERIKELLELQKRVSEEERREILREAKRLAERVNNPEARRLMLELERLIKEL']], [['DREEAKRRIKELLELVKAVSEEEIRELLREARPLAERVWDPEARRLVEELERWIKEL']], [['DREEAKWRIKELLELVKRVSDEERRELLREAWRLALLVNDPEARRYVEELEPLIKEL']], [['DKEEAKERIKELLELVNRVSETERRELLRSAMRLAERVNDEEARRLVEELERLIKEI']], [['DREEAKERKKELLELVKRVYEEERRELLFEARRLADRVNVPEARRLVEELPRLIKEL']], [['DREEAKERILELLEEVKRVSEEERRELMRTADRLAEMVNDPEARRLVEELYRLIKEL']], [['DREYAKELIKELLEKVKIVSEEIRRELLDEARRLAERVNDPEARYLVEELERLIKEL']], [['HRGEAKVRIKELLELAKRVSEEERRELLREARRLHERVNDPEARRLVEELEWLPKEL']], [['DREELKERIKELLELVKRVSIEELREDLREARRLAERVNAPEARRSVEELERLIKEL']], [['DREEMKSRIKELLELVKIVNEEEQRELLREARRLAERVNDPEVRRLVPELERLIKEL']], [['DREEAKVRIKELLELVTRVEEEERGELLREARRLAERVNDPEARRLVETLERLIKEL']], [['DREEAKERIKELLELVQWNSEEEQRELLREARRLLERVVDPEARRLVEELERLIKEL']], [['DREEAKERIKELLELVKRRSEEERRELHREARRLAERVNDIEARRLVELLEYLIKEL']], [['DREEALERIKELHELVKRVSEEERRELRVEARRLHERVNDPEWRRLVEELERLIKEL']], [['DREEAKLRIKELLELVKRVSEEERRELSREARVLAERVNVPEFRRLVERLERLIKEL']]]
done churning
Traceback (most recent call last):
  File "/proj/kuhl_lab/evopro/evopro/run/run_evopro_binder.py", line 542, in <module>
    run_genetic_alg_multistate(input_dir, input_dir + flagsfile, scorefunc, starting_seqs, poolsizes=pool_sizes, 
  File "/proj/kuhl_lab/evopro/evopro/run/run_evopro_binder.py", line 120, in run_genetic_alg_multistate
    all_scores.append(score_func(result, dsobj, contacts=contacts, distance_cutoffs=distance_cutoffs))
  File "/proj/kuhl_lab/evopro/evopro/score_funcs/update_score_cd19.py", line 24, in score_binder_doublecontact
    return score_binder_complex_doublecontact(results, dsobj, contacts, distance_cutoffs)
  File "/proj/kuhl_lab/evopro/evopro/score_funcs/update_score_cd19.py", line 111, in score_binder_complex_doublecontact
    print(score, (score, len(contacts), contactscore, pae_per_contact, pae_per_bonus_contact, bonus, penalty))
NameError: name 'bonus' is not defined
slurmstepd: error: *** JOB 6093486 ON g1811kuhl01 CANCELLED AT 2023-04-22T17:52:59 DUE TO TIME LIMIT ***
